Drill report for Transmitter.kicad_pcb
Created on 2026-02-14T21:02:24+0300

Copper Layer Stackup:
    =============================================================
    L1 :  F.Cu                      front
    L2 :  B.Cu                      back


Drill file 'Transmitter-PTH.drl' contains
    plated through holes:
    =============================================================
    T1  0,300mm  0,0118"  (12 holes)
    T2  0,700mm  0,0276"  (26 holes)
    T3  0,750mm  0,0295"  (6 holes)
    T4  0,800mm  0,0315"  (10 holes)
    T5  1,020mm  0,0402"  (3 holes)
    T6  1,100mm  0,0433"  (4 holes)
    T7  1,300mm  0,0512"  (6 holes)
    T8  1,800mm  0,0709"  (3 holes)

    Total plated holes count 70


Drill file 'Transmitter-NPTH.drl' contains
    unplated through holes:
    =============================================================
    T1  1,600mm  0,0630"  (1 hole)

    Total unplated holes count 1
